A new version of Supabase CLI is available: v2.109.0 (currently installed v2.90.0)
We recommend updating regularly for new features and bug fixes: https://supabase.com/docs/guides/cli/getting-started#updating-the-supabase-cli
A new version of Supabase CLI is available: v2.109.0 (currently installed v2.90.0)
We recommend updating regularly for new features and bug fixes: https://supabase.com/docs/guides/cli/getting-started#updating-the-supabase-cli
[supabase-ready][WARN] Supabase db lint requires the direct pooler path and is unavailable from this runner; running local migration validation and linked schema/advisor gates instead.
No issues found
A new version of Supabase CLI is available: v2.109.0 (currently installed v2.90.0)
We recommend updating regularly for new features and bug fixes: https://supabase.com/docs/guides/cli/getting-started#updating-the-supabase-cli
No issues found
A new version of Supabase CLI is available: v2.109.0 (currently installed v2.90.0)
We recommend updating regularly for new features and bug fixes: https://supabase.com/docs/guides/cli/getting-started#updating-the-supabase-cli
A new version of Supabase CLI is available: v2.109.0 (currently installed v2.90.0)
We recommend updating regularly for new features and bug fixes: https://supabase.com/docs/guides/cli/getting-started#updating-the-supabase-cli
A new version of Supabase CLI is available: v2.109.0 (currently installed v2.90.0)
We recommend updating regularly for new features and bug fixes: https://supabase.com/docs/guides/cli/getting-started#updating-the-supabase-cli
[supabase-ready][WARN] Stripe Edge Function secrets are deferred by current release scope; set SUPABASE_READY_DEFER_STRIPE=0 to require them.
[supabase-ready][WARN] Password leaked-credential protection is disabled; treat as optional hardening unless release owner requires it.
[supabase-ready][WARN] Auth bot-protection challenge is disabled; treat as optional hardening unless release owner requires it.
[supabase-ready][WARN] Supabase organization is on the Free plan; treat as operational capacity/commercial review, not an automatic release blocker.
A new version of Supabase CLI is available: v2.109.0 (currently installed v2.90.0)
We recommend updating regularly for new features and bug fixes: https://supabase.com/docs/guides/cli/getting-started#updating-the-supabase-cli
A new version of Supabase CLI is available: v2.109.0 (currently installed v2.90.0)
We recommend updating regularly for new features and bug fixes: https://supabase.com/docs/guides/cli/getting-started#updating-the-supabase-cli
A new version of Supabase CLI is available: v2.109.0 (currently installed v2.90.0)
We recommend updating regularly for new features and bug fixes: https://supabase.com/docs/guides/cli/getting-started#updating-the-supabase-cli
[supabase-ready][WARN] Point-in-time restore is disabled; treat as recovery-objective review, not an automatic release blocker.
